-- The C compiler identification is GNU 14.3.0
-- The CXX compiler identification is GNU 14.3.0
-- Detecting C compiler ABI info
-- Detecting C compiler ABI info - done
-- Check for working C compiler: /home/isaacp/miniforge3/envs/ros2_jazzy_env/bin/x86_64-conda-linux-gnu-cc - skipped
-- Detecting C compile features
-- Detecting C compile features - done
-- Detecting CXX compiler ABI info
-- Detecting CXX compiler ABI info - done
-- Check for working CXX compiler: /home/isaacp/miniforge3/envs/ros2_jazzy_env/bin/x86_64-conda-linux-gnu-c++ - skipped
-- Detecting CXX compile features
-- Detecting CXX compile features - done
-- CMAKE_BUILD_TYPE: Release
-- Found ament_cmake_auto: 2.5.5 (/home/isaacp/miniforge3/envs/ros2_jazzy_env/share/ament_cmake_auto/cmake)
-- Found Python3: /home/isaacp/miniforge3/envs/ros2_jazzy_env/bin/python3 (found version "3.12.12") found components: Interpreter
-- Using all available rosidl_typesupport_c: rosidl_typesupport_fastrtps_c;rosidl_typesupport_introspection_c
-- Using all available rosidl_typesupport_cpp: rosidl_typesupport_fastrtps_cpp;rosidl_typesupport_introspection_cpp
-- Found rosidl_adapter: 4.6.7 (/home/isaacp/miniforge3/envs/ros2_jazzy_env/share/rosidl_adapter/cmake)
-- Found ament_cmake_ros: 0.12.0 (/home/isaacp/miniforge3/envs/ros2_jazzy_env/share/ament_cmake_ros/cmake)
-- Using all available rosidl_typesupport_c: rosidl_typesupport_fastrtps_c;rosidl_typesupport_introspection_c
-- Using all available rosidl_typesupport_cpp: rosidl_typesupport_fastrtps_cpp;rosidl_typesupport_introspection_cpp
-- Found python_cmake_module: 0.11.1 (/home/isaacp/miniforge3/envs/ros2_jazzy_env/share/python_cmake_module/cmake)
-- Found PythonExtra: /home/isaacp/miniforge3/envs/ros2_jazzy_env/bin/python3
-- Found Python3: /home/isaacp/miniforge3/envs/ros2_jazzy_env/bin/python3 (found version "3.12.12") found components: Interpreter Development NumPy Development.Module Development.Embed
-- Found ament_lint_auto: 0.17.4 (/home/isaacp/miniforge3/envs/ros2_jazzy_env/share/ament_lint_auto/cmake)
-- Configuring incomplete, errors occurred!
