[0.023s] Invoking command in '/home/isaacp/repos/alphaz/isaac_ros_cloud_control/build/vda5050_msgs': CONDA_PROMPT_MODIFIER=(ros2_jazzy_env) /home/isaacp/miniforge3/envs/ros2_jazzy_env/bin/cmake /home/isaacp/repos/alphaz/isaac_ros_cloud_control/vda5050_msgs -DCMAKE_INSTALL_PREFIX=/home/isaacp/repos/alphaz/isaac_ros_cloud_control/install/vda5050_msgs
[0.208s] -- The C compiler identification is GNU 14.3.0
[0.208s] [0mCMake Deprecation Warning at CMakeLists.txt:18 (cmake_minimum_required):
[0.208s]   Compatibility with CMake < 3.10 will be removed from a future version of
[0.208s]   CMake.
[0.208s] 
[0.208s]   Update the VERSION argument <min> value.  Or, use the <min>...<max> syntax
[0.208s]   to tell CMake that the project requires at least <min> but has been updated
[0.208s]   to work with policies introduced by <max> or earlier.
[0.208s] 
[0.208s] [0m
[0.280s] -- The CXX compiler identification is GNU 14.3.0
[0.288s] -- Detecting C compiler ABI info
[0.342s] -- Detecting C compiler ABI info - done
[0.354s] -- Check for working C compiler: /home/isaacp/miniforge3/envs/ros2_jazzy_env/bin/x86_64-conda-linux-gnu-cc - skipped
[0.354s] -- Detecting C compile features
[0.354s] -- Detecting C compile features - done
[0.364s] -- Detecting CXX compiler ABI info
[0.419s] -- Detecting CXX compiler ABI info - done
[0.431s] -- Check for working CXX compiler: /home/isaacp/miniforge3/envs/ros2_jazzy_env/bin/x86_64-conda-linux-gnu-c++ - skipped
[0.431s] -- Detecting CXX compile features
[0.431s] -- Detecting CXX compile features - done
[0.436s] -- CMAKE_BUILD_TYPE: Release
[0.440s] -- Found ament_cmake_auto: 2.5.5 (/home/isaacp/miniforge3/envs/ros2_jazzy_env/share/ament_cmake_auto/cmake)
[0.521s] -- Found Python3: /home/isaacp/miniforge3/envs/ros2_jazzy_env/bin/python3 (found version "3.12.12") found components: Interpreter
[0.671s] -- Using all available rosidl_typesupport_c: rosidl_typesupport_fastrtps_c;rosidl_typesupport_introspection_c
[0.728s] -- Using all available rosidl_typesupport_cpp: rosidl_typesupport_fastrtps_cpp;rosidl_typesupport_introspection_cpp
[0.778s] -- Found rosidl_adapter: 4.6.7 (/home/isaacp/miniforge3/envs/ros2_jazzy_env/share/rosidl_adapter/cmake)
[1.158s] -- Found ament_cmake_ros: 0.12.0 (/home/isaacp/miniforge3/envs/ros2_jazzy_env/share/ament_cmake_ros/cmake)
[1.409s] -- Using all available rosidl_typesupport_c: rosidl_typesupport_fastrtps_c;rosidl_typesupport_introspection_c
[1.733s] -- Using all available rosidl_typesupport_cpp: rosidl_typesupport_fastrtps_cpp;rosidl_typesupport_introspection_cpp
[1.738s] -- Found python_cmake_module: 0.11.1 (/home/isaacp/miniforge3/envs/ros2_jazzy_env/share/python_cmake_module/cmake)
[1.805s] -- Found PythonExtra: /home/isaacp/miniforge3/envs/ros2_jazzy_env/bin/python3
[2.132s] -- Found Python3: /home/isaacp/miniforge3/envs/ros2_jazzy_env/bin/python3 (found version "3.12.12") found components: Interpreter Development NumPy Development.Module Development.Embed
[2.165s] -- Found ament_lint_auto: 0.17.4 (/home/isaacp/miniforge3/envs/ros2_jazzy_env/share/ament_lint_auto/cmake)
[2.198s] [31mCMake Error at /home/isaacp/miniforge3/envs/ros2_jazzy_env/share/ament_cmake_core/cmake/index/ament_index_get_resource.cmake:62 (message):
[2.198s]   ament_index_get_resource() called with not existing resource
[2.198s]   ('isaac_ros_common_cmake_path' 'isaac_ros_common')
[2.198s] Call Stack (most recent call first):
[2.198s]   CMakeLists.txt:84 (ament_index_get_resource)
[2.198s] 
[2.198s] [0m
[2.198s] -- Configuring incomplete, errors occurred!
