[0.279s] [34mcolcon[0m [1;30mDEBUG[0m [32mCommand line arguments: ['/home/isaacp/miniforge3/envs/ros2_jazzy_env/bin/colcon', 'build'][0m
[0.279s] [34mcolcon[0m [1;30mDEBUG[0m [32mParsed command line arguments: Namespace(log_base=None, log_level=None, verb_name='build', build_base='build', install_base='install', merge_install=False, symlink_install=False, test_result_base=None, continue_on_error=False, executor='parallel', parallel_workers=32, event_handlers=None, ignore_user_meta=False, metas=['./colcon.meta'], base_paths=['.'], packages_ignore=None, packages_ignore_regex=None, paths=None, packages_up_to=None, packages_up_to_regex=None, packages_above=None, packages_above_and_dependencies=None, packages_above_depth=None, packages_select_by_dep=None, packages_skip_by_dep=None, packages_skip_up_to=None, packages_select_build_failed=False, packages_skip_build_finished=False, packages_select_test_failures=False, packages_skip_test_passed=False, packages_select=None, packages_skip=None, packages_select_regex=None, packages_skip_regex=None, packages_start=None, packages_end=None, cmake_args=None, cmake_target=None, cmake_target_skip_unavailable=False, cmake_clean_cache=False, cmake_clean_first=False, cmake_force_configure=False, ament_cmake_args=None, catkin_cmake_args=None, catkin_skip_building_tests=False, mixin_files=None, mixin=None, verb_parser=<colcon_mixin.mixin.mixin_argument.MixinArgumentDecorator object at 0x7f83d514c890>, verb_extension=<colcon_core.verb.build.BuildVerb object at 0x7f83d5242cf0>, main=<bound method BuildVerb.main of <colcon_core.verb.build.BuildVerb object at 0x7f83d5242cf0>>, mixin_verb=('build',))[0m
[0.318s] [34mcolcon.colcon_core.package_discovery[0m [1;30mLevel 1[0m discover_packages(colcon_meta) check parameters
[0.318s] [34mcolcon.colcon_core.package_discovery[0m [1;30mLevel 1[0m discover_packages(recursive) check parameters
[0.318s] [34mcolcon.colcon_core.package_discovery[0m [1;30mLevel 1[0m discover_packages(ignore) check parameters
[0.318s] [34mcolcon.colcon_core.package_discovery[0m [1;30mLevel 1[0m discover_packages(path) check parameters
[0.318s] [34mcolcon.colcon_core.package_discovery[0m [1;30mLevel 1[0m discover_packages(colcon_meta) discover
[0.318s] [34mcolcon.colcon_core.package_discovery[0m [1;30mLevel 1[0m discover_packages(recursive) discover
[0.318s] [34mcolcon.colcon_core.package_discovery[0m [1;30mINFO[0m Crawling recursively for packages in '/home/isaacp/repos/alphaz/isaac_ros_cloud_control'
[0.318s] [34mcolcon.colcon_core.package_identification[0m [1;30mLevel 1[0m _identify(.) by extensions ['ignore', 'ignore_ament_install']
[0.318s] [34mcolcon.colcon_core.package_identification[0m [1;30mLevel 1[0m _identify(.) by extension 'ignore'
[0.318s] [34mcolcon.colcon_core.package_identification[0m [1;30mLevel 1[0m _identify(.) by extension 'ignore_ament_install'
[0.318s] [34mcolcon.colcon_core.package_identification[0m [1;30mLevel 1[0m _identify(.) by extensions ['colcon_pkg']
[0.318s] [34mcolcon.colcon_core.package_identification[0m [1;30mLevel 1[0m _identify(.) by extension 'colcon_pkg'
[0.318s] [34mcolcon.colcon_core.package_identification[0m [1;30mLevel 1[0m _identify(.) by extensions ['colcon_meta']
[0.318s] [34mcolcon.colcon_core.package_identification[0m [1;30mLevel 1[0m _identify(.) by extension 'colcon_meta'
[0.318s] [34mcolcon.colcon_core.package_identification[0m [1;30mLevel 1[0m _identify(.) by extensions ['ros']
[0.318s] [34mcolcon.colcon_core.package_identification[0m [1;30mLevel 1[0m _identify(.) by extension 'ros'
[0.345s] [34mcolcon.colcon_core.package_identification[0m [1;30mLevel 1[0m _identify(.) by extensions ['cmake', 'python']
[0.345s] [34mcolcon.colcon_core.package_identification[0m [1;30mLevel 1[0m _identify(.) by extension 'cmake'
[0.345s] [34mcolcon.colcon_core.package_identification[0m [1;30mLevel 1[0m _identify(.) by extension 'python'
[0.345s] [34mcolcon.colcon_core.package_identification[0m [1;30mLevel 1[0m _identify(.) by extensions ['python_setup_py']
[0.345s] [34mcolcon.colcon_core.package_identification[0m [1;30mLevel 1[0m _identify(.) by extension 'python_setup_py'
[0.345s] [34mcolcon.colcon_core.package_identification[0m [1;30mLevel 1[0m _identify(build) by extensions ['ignore', 'ignore_ament_install']
[0.345s] [34mcolcon.colcon_core.package_identification[0m [1;30mLevel 1[0m _identify(build) by extension 'ignore'
[0.345s] [34mcolcon.colcon_core.package_identification[0m [1;30mLevel 1[0m _identify(build) ignored
[0.345s] [34mcolcon.colcon_core.package_identification[0m [1;30mLevel 1[0m _identify(install) by extensions ['ignore', 'ignore_ament_install']
[0.345s] [34mcolcon.colcon_core.package_identification[0m [1;30mLevel 1[0m _identify(install) by extension 'ignore'
[0.345s] [34mcolcon.colcon_core.package_identification[0m [1;30mLevel 1[0m _identify(install) ignored
[0.345s] [34mcolcon.colcon_core.package_identification[0m [1;30mLevel 1[0m _identify(isaac_ros_cloud_control_interface) by extensions ['ignore', 'ignore_ament_install']
[0.345s] [34mcolcon.colcon_core.package_identification[0m [1;30mLevel 1[0m _identify(isaac_ros_cloud_control_interface) by extension 'ignore'
[0.345s] [34mcolcon.colcon_core.package_identification[0m [1;30mLevel 1[0m _identify(isaac_ros_cloud_control_interface) by extension 'ignore_ament_install'
[0.345s] [34mcolcon.colcon_core.package_identification[0m [1;30mLevel 1[0m _identify(isaac_ros_cloud_control_interface) by extensions ['colcon_pkg']
[0.345s] [34mcolcon.colcon_core.package_identification[0m [1;30mLevel 1[0m _identify(isaac_ros_cloud_control_interface) by extension 'colcon_pkg'
[0.345s] [34mcolcon.colcon_core.package_identification[0m [1;30mLevel 1[0m _identify(isaac_ros_cloud_control_interface) by extensions ['colcon_meta']
[0.345s] [34mcolcon.colcon_core.package_identification[0m [1;30mLevel 1[0m _identify(isaac_ros_cloud_control_interface) by extension 'colcon_meta'
[0.345s] [34mcolcon.colcon_core.package_identification[0m [1;30mLevel 1[0m _identify(isaac_ros_cloud_control_interface) by extensions ['ros']
[0.345s] [34mcolcon.colcon_core.package_identification[0m [1;30mLevel 1[0m _identify(isaac_ros_cloud_control_interface) by extension 'ros'
[0.347s] [34mcolcon.colcon_core.package_identification[0m [1;30mDEBUG[0m [32mPackage 'isaac_ros_cloud_control_interface' with type 'ros.ament_cmake' and name 'isaac_ros_cloud_control_interface'[0m
[0.347s] [34mcolcon.colcon_core.package_identification[0m [1;30mLevel 1[0m _identify(isaac_ros_json_info_generator) by extensions ['ignore', 'ignore_ament_install']
[0.347s] [34mcolcon.colcon_core.package_identification[0m [1;30mLevel 1[0m _identify(isaac_ros_json_info_generator) by extension 'ignore'
[0.347s] [34mcolcon.colcon_core.package_identification[0m [1;30mLevel 1[0m _identify(isaac_ros_json_info_generator) by extension 'ignore_ament_install'
[0.347s] [34mcolcon.colcon_core.package_identification[0m [1;30mLevel 1[0m _identify(isaac_ros_json_info_generator) by extensions ['colcon_pkg']
[0.347s] [34mcolcon.colcon_core.package_identification[0m [1;30mLevel 1[0m _identify(isaac_ros_json_info_generator) by extension 'colcon_pkg'
[0.347s] [34mcolcon.colcon_core.package_identification[0m [1;30mLevel 1[0m _identify(isaac_ros_json_info_generator) by extensions ['colcon_meta']
[0.347s] [34mcolcon.colcon_core.package_identification[0m [1;30mLevel 1[0m _identify(isaac_ros_json_info_generator) by extension 'colcon_meta'
[0.347s] [34mcolcon.colcon_core.package_identification[0m [1;30mLevel 1[0m _identify(isaac_ros_json_info_generator) by extensions ['ros']
[0.347s] [34mcolcon.colcon_core.package_identification[0m [1;30mLevel 1[0m _identify(isaac_ros_json_info_generator) by extension 'ros'
[0.347s] [34mcolcon.colcon_core.package_identification[0m [1;30mDEBUG[0m [32mPackage 'isaac_ros_json_info_generator' with type 'ros.ament_python' and name 'isaac_ros_json_info_generator'[0m
[0.347s] [34mcolcon.colcon_core.package_identification[0m [1;30mLevel 1[0m _identify(isaac_ros_mega_controller) by extensions ['ignore', 'ignore_ament_install']
[0.347s] [34mcolcon.colcon_core.package_identification[0m [1;30mLevel 1[0m _identify(isaac_ros_mega_controller) by extension 'ignore'
[0.347s] [34mcolcon.colcon_core.package_identification[0m [1;30mLevel 1[0m _identify(isaac_ros_mega_controller) by extension 'ignore_ament_install'
[0.347s] [34mcolcon.colcon_core.package_identification[0m [1;30mLevel 1[0m _identify(isaac_ros_mega_controller) by extensions ['colcon_pkg']
[0.347s] [34mcolcon.colcon_core.package_identification[0m [1;30mLevel 1[0m _identify(isaac_ros_mega_controller) by extension 'colcon_pkg'
[0.348s] [34mcolcon.colcon_core.package_identification[0m [1;30mLevel 1[0m _identify(isaac_ros_mega_controller) by extensions ['colcon_meta']
[0.348s] [34mcolcon.colcon_core.package_identification[0m [1;30mLevel 1[0m _identify(isaac_ros_mega_controller) by extension 'colcon_meta'
[0.348s] [34mcolcon.colcon_core.package_identification[0m [1;30mLevel 1[0m _identify(isaac_ros_mega_controller) by extensions ['ros']
[0.348s] [34mcolcon.colcon_core.package_identification[0m [1;30mLevel 1[0m _identify(isaac_ros_mega_controller) by extension 'ros'
[0.348s] [34mcolcon.colcon_core.package_identification[0m [1;30mDEBUG[0m [32mPackage 'isaac_ros_mega_controller' with type 'ros.ament_python' and name 'isaac_ros_mega_controller'[0m
[0.348s] [34mcolcon.colcon_core.package_identification[0m [1;30mLevel 1[0m _identify(isaac_ros_mega_node_monitor) by extensions ['ignore', 'ignore_ament_install']
[0.348s] [34mcolcon.colcon_core.package_identification[0m [1;30mLevel 1[0m _identify(isaac_ros_mega_node_monitor) by extension 'ignore'
[0.348s] [34mcolcon.colcon_core.package_identification[0m [1;30mLevel 1[0m _identify(isaac_ros_mega_node_monitor) by extension 'ignore_ament_install'
[0.348s] [34mcolcon.colcon_core.package_identification[0m [1;30mLevel 1[0m _identify(isaac_ros_mega_node_monitor) by extensions ['colcon_pkg']
[0.348s] [34mcolcon.colcon_core.package_identification[0m [1;30mLevel 1[0m _identify(isaac_ros_mega_node_monitor) by extension 'colcon_pkg'
[0.348s] [34mcolcon.colcon_core.package_identification[0m [1;30mLevel 1[0m _identify(isaac_ros_mega_node_monitor) by extensions ['colcon_meta']
[0.348s] [34mcolcon.colcon_core.package_identification[0m [1;30mLevel 1[0m _identify(isaac_ros_mega_node_monitor) by extension 'colcon_meta'
[0.348s] [34mcolcon.colcon_core.package_identification[0m [1;30mLevel 1[0m _identify(isaac_ros_mega_node_monitor) by extensions ['ros']
[0.348s] [34mcolcon.colcon_core.package_identification[0m [1;30mLevel 1[0m _identify(isaac_ros_mega_node_monitor) by extension 'ros'
[0.348s] [34mcolcon.colcon_core.package_identification[0m [1;30mDEBUG[0m [32mPackage 'isaac_ros_mega_node_monitor' with type 'ros.ament_python' and name 'isaac_ros_mega_node_monitor'[0m
[0.348s] [34mcolcon.colcon_core.package_identification[0m [1;30mLevel 1[0m _identify(isaac_ros_mission_client) by extensions ['ignore', 'ignore_ament_install']
[0.348s] [34mcolcon.colcon_core.package_identification[0m [1;30mLevel 1[0m _identify(isaac_ros_mission_client) by extension 'ignore'
[0.348s] [34mcolcon.colcon_core.package_identification[0m [1;30mLevel 1[0m _identify(isaac_ros_mission_client) by extension 'ignore_ament_install'
[0.348s] [34mcolcon.colcon_core.package_identification[0m [1;30mLevel 1[0m _identify(isaac_ros_mission_client) by extensions ['colcon_pkg']
[0.348s] [34mcolcon.colcon_core.package_identification[0m [1;30mLevel 1[0m _identify(isaac_ros_mission_client) by extension 'colcon_pkg'
[0.348s] [34mcolcon.colcon_core.package_identification[0m [1;30mLevel 1[0m _identify(isaac_ros_mission_client) by extensions ['colcon_meta']
[0.348s] [34mcolcon.colcon_core.package_identification[0m [1;30mLevel 1[0m _identify(isaac_ros_mission_client) by extension 'colcon_meta'
[0.348s] [34mcolcon.colcon_core.package_identification[0m [1;30mLevel 1[0m _identify(isaac_ros_mission_client) by extensions ['ros']
[0.348s] [34mcolcon.colcon_core.package_identification[0m [1;30mLevel 1[0m _identify(isaac_ros_mission_client) by extension 'ros'
[0.349s] [34mcolcon.colcon_core.package_identification[0m [1;30mDEBUG[0m [32mPackage 'isaac_ros_mission_client' with type 'ros.ament_cmake' and name 'isaac_ros_mission_client'[0m
[0.349s] [34mcolcon.colcon_core.package_identification[0m [1;30mLevel 1[0m _identify(isaac_ros_mqtt_bridge) by extensions ['ignore', 'ignore_ament_install']
[0.349s] [34mcolcon.colcon_core.package_identification[0m [1;30mLevel 1[0m _identify(isaac_ros_mqtt_bridge) by extension 'ignore'
[0.349s] [34mcolcon.colcon_core.package_identification[0m [1;30mLevel 1[0m _identify(isaac_ros_mqtt_bridge) by extension 'ignore_ament_install'
[0.349s] [34mcolcon.colcon_core.package_identification[0m [1;30mLevel 1[0m _identify(isaac_ros_mqtt_bridge) by extensions ['colcon_pkg']
[0.349s] [34mcolcon.colcon_core.package_identification[0m [1;30mLevel 1[0m _identify(isaac_ros_mqtt_bridge) by extension 'colcon_pkg'
[0.349s] [34mcolcon.colcon_core.package_identification[0m [1;30mLevel 1[0m _identify(isaac_ros_mqtt_bridge) by extensions ['colcon_meta']
[0.349s] [34mcolcon.colcon_core.package_identification[0m [1;30mLevel 1[0m _identify(isaac_ros_mqtt_bridge) by extension 'colcon_meta'
[0.349s] [34mcolcon.colcon_core.package_identification[0m [1;30mLevel 1[0m _identify(isaac_ros_mqtt_bridge) by extensions ['ros']
[0.349s] [34mcolcon.colcon_core.package_identification[0m [1;30mLevel 1[0m _identify(isaac_ros_mqtt_bridge) by extension 'ros'
[0.349s] [34mcolcon.colcon_core.package_identification[0m [1;30mDEBUG[0m [32mPackage 'isaac_ros_mqtt_bridge' with type 'ros.ament_python' and name 'isaac_ros_mqtt_bridge'[0m
[0.349s] [34mcolcon.colcon_core.package_identification[0m [1;30mLevel 1[0m _identify(isaac_ros_scene_recorder) by extensions ['ignore', 'ignore_ament_install']
[0.349s] [34mcolcon.colcon_core.package_identification[0m [1;30mLevel 1[0m _identify(isaac_ros_scene_recorder) by extension 'ignore'
[0.349s] [34mcolcon.colcon_core.package_identification[0m [1;30mLevel 1[0m _identify(isaac_ros_scene_recorder) by extension 'ignore_ament_install'
[0.349s] [34mcolcon.colcon_core.package_identification[0m [1;30mLevel 1[0m _identify(isaac_ros_scene_recorder) by extensions ['colcon_pkg']
[0.349s] [34mcolcon.colcon_core.package_identification[0m [1;30mLevel 1[0m _identify(isaac_ros_scene_recorder) by extension 'colcon_pkg'
[0.349s] [34mcolcon.colcon_core.package_identification[0m [1;30mLevel 1[0m _identify(isaac_ros_scene_recorder) by extensions ['colcon_meta']
[0.350s] [34mcolcon.colcon_core.package_identification[0m [1;30mLevel 1[0m _identify(isaac_ros_scene_recorder) by extension 'colcon_meta'
[0.350s] [34mcolcon.colcon_core.package_identification[0m [1;30mLevel 1[0m _identify(isaac_ros_scene_recorder) by extensions ['ros']
[0.350s] [34mcolcon.colcon_core.package_identification[0m [1;30mLevel 1[0m _identify(isaac_ros_scene_recorder) by extension 'ros'
[0.350s] [34mcolcon.colcon_core.package_identification[0m [1;30mDEBUG[0m [32mPackage 'isaac_ros_scene_recorder' with type 'ros.ament_python' and name 'isaac_ros_scene_recorder'[0m
[0.350s] [34mcolcon.colcon_core.package_identification[0m [1;30mLevel 1[0m _identify(isaac_ros_scene_recorder_interface) by extensions ['ignore', 'ignore_ament_install']
[0.350s] [34mcolcon.colcon_core.package_identification[0m [1;30mLevel 1[0m _identify(isaac_ros_scene_recorder_interface) by extension 'ignore'
[0.350s] [34mcolcon.colcon_core.package_identification[0m [1;30mLevel 1[0m _identify(isaac_ros_scene_recorder_interface) by extension 'ignore_ament_install'
[0.350s] [34mcolcon.colcon_core.package_identification[0m [1;30mLevel 1[0m _identify(isaac_ros_scene_recorder_interface) by extensions ['colcon_pkg']
[0.350s] [34mcolcon.colcon_core.package_identification[0m [1;30mLevel 1[0m _identify(isaac_ros_scene_recorder_interface) by extension 'colcon_pkg'
[0.350s] [34mcolcon.colcon_core.package_identification[0m [1;30mLevel 1[0m _identify(isaac_ros_scene_recorder_interface) by extensions ['colcon_meta']
[0.350s] [34mcolcon.colcon_core.package_identification[0m [1;30mLevel 1[0m _identify(isaac_ros_scene_recorder_interface) by extension 'colcon_meta'
[0.350s] [34mcolcon.colcon_core.package_identification[0m [1;30mLevel 1[0m _identify(isaac_ros_scene_recorder_interface) by extensions ['ros']
[0.350s] [34mcolcon.colcon_core.package_identification[0m [1;30mLevel 1[0m _identify(isaac_ros_scene_recorder_interface) by extension 'ros'
[0.350s] [34mcolcon.colcon_core.package_identification[0m [1;30mDEBUG[0m [32mPackage 'isaac_ros_scene_recorder_interface' with type 'ros.ament_cmake' and name 'isaac_ros_scene_recorder_interface'[0m
[0.350s] [34mcolcon.colcon_core.package_identification[0m [1;30mLevel 1[0m _identify(isaac_ros_vda5050_client) by extensions ['ignore', 'ignore_ament_install']
[0.350s] [34mcolcon.colcon_core.package_identification[0m [1;30mLevel 1[0m _identify(isaac_ros_vda5050_client) by extension 'ignore'
[0.350s] [34mcolcon.colcon_core.package_identification[0m [1;30mLevel 1[0m _identify(isaac_ros_vda5050_client) by extension 'ignore_ament_install'
[0.350s] [34mcolcon.colcon_core.package_identification[0m [1;30mLevel 1[0m _identify(isaac_ros_vda5050_client) by extensions ['colcon_pkg']
[0.350s] [34mcolcon.colcon_core.package_identification[0m [1;30mLevel 1[0m _identify(isaac_ros_vda5050_client) by extension 'colcon_pkg'
[0.350s] [34mcolcon.colcon_core.package_identification[0m [1;30mLevel 1[0m _identify(isaac_ros_vda5050_client) by extensions ['colcon_meta']
[0.350s] [34mcolcon.colcon_core.package_identification[0m [1;30mLevel 1[0m _identify(isaac_ros_vda5050_client) by extension 'colcon_meta'
[0.350s] [34mcolcon.colcon_core.package_identification[0m [1;30mLevel 1[0m _identify(isaac_ros_vda5050_client) by extensions ['ros']
[0.350s] [34mcolcon.colcon_core.package_identification[0m [1;30mLevel 1[0m _identify(isaac_ros_vda5050_client) by extension 'ros'
[0.351s] [34mcolcon.colcon_core.package_identification[0m [1;30mDEBUG[0m [32mPackage 'isaac_ros_vda5050_client' with type 'ros.ament_cmake' and name 'isaac_ros_vda5050_client'[0m
[0.351s] [34mcolcon.colcon_core.package_identification[0m [1;30mLevel 1[0m _identify(isaac_ros_vda5050_client_bringup) by extensions ['ignore', 'ignore_ament_install']
[0.351s] [34mcolcon.colcon_core.package_identification[0m [1;30mLevel 1[0m _identify(isaac_ros_vda5050_client_bringup) by extension 'ignore'
[0.351s] [34mcolcon.colcon_core.package_identification[0m [1;30mLevel 1[0m _identify(isaac_ros_vda5050_client_bringup) by extension 'ignore_ament_install'
[0.351s] [34mcolcon.colcon_core.package_identification[0m [1;30mLevel 1[0m _identify(isaac_ros_vda5050_client_bringup) by extensions ['colcon_pkg']
[0.351s] [34mcolcon.colcon_core.package_identification[0m [1;30mLevel 1[0m _identify(isaac_ros_vda5050_client_bringup) by extension 'colcon_pkg'
[0.351s] [34mcolcon.colcon_core.package_identification[0m [1;30mLevel 1[0m _identify(isaac_ros_vda5050_client_bringup) by extensions ['colcon_meta']
[0.351s] [34mcolcon.colcon_core.package_identification[0m [1;30mLevel 1[0m _identify(isaac_ros_vda5050_client_bringup) by extension 'colcon_meta'
[0.351s] [34mcolcon.colcon_core.package_identification[0m [1;30mLevel 1[0m _identify(isaac_ros_vda5050_client_bringup) by extensions ['ros']
[0.351s] [34mcolcon.colcon_core.package_identification[0m [1;30mLevel 1[0m _identify(isaac_ros_vda5050_client_bringup) by extension 'ros'
[0.352s] [34mcolcon.colcon_core.package_identification[0m [1;30mDEBUG[0m [32mPackage 'isaac_ros_vda5050_client_bringup' with type 'ros.ament_cmake' and name 'isaac_ros_vda5050_client_bringup'[0m
[0.352s] [34mcolcon.colcon_core.package_identification[0m [1;30mLevel 1[0m _identify(log) by extensions ['ignore', 'ignore_ament_install']
[0.352s] [34mcolcon.colcon_core.package_identification[0m [1;30mLevel 1[0m _identify(log) by extension 'ignore'
[0.352s] [34mcolcon.colcon_core.package_identification[0m [1;30mLevel 1[0m _identify(log) ignored
[0.352s] [34mcolcon.colcon_core.package_identification[0m [1;30mLevel 1[0m _identify(utils) by extensions ['ignore', 'ignore_ament_install']
[0.352s] [34mcolcon.colcon_core.package_identification[0m [1;30mLevel 1[0m _identify(utils) by extension 'ignore'
[0.352s] [34mcolcon.colcon_core.package_identification[0m [1;30mLevel 1[0m _identify(utils) by extension 'ignore_ament_install'
[0.352s] [34mcolcon.colcon_core.package_identification[0m [1;30mLevel 1[0m _identify(utils) by extensions ['colcon_pkg']
[0.352s] [34mcolcon.colcon_core.package_identification[0m [1;30mLevel 1[0m _identify(utils) by extension 'colcon_pkg'
[0.352s] [34mcolcon.colcon_core.package_identification[0m [1;30mLevel 1[0m _identify(utils) by extensions ['colcon_meta']
[0.352s] [34mcolcon.colcon_core.package_identification[0m [1;30mLevel 1[0m _identify(utils) by extension 'colcon_meta'
[0.352s] [34mcolcon.colcon_core.package_identification[0m [1;30mLevel 1[0m _identify(utils) by extensions ['ros']
[0.352s] [34mcolcon.colcon_core.package_identification[0m [1;30mLevel 1[0m _identify(utils) by extension 'ros'
[0.352s] [34mcolcon.colcon_core.package_identification[0m [1;30mLevel 1[0m _identify(utils) by extensions ['cmake', 'python']
[0.352s] [34mcolcon.colcon_core.package_identification[0m [1;30mLevel 1[0m _identify(utils) by extension 'cmake'
[0.352s] [34mcolcon.colcon_core.package_identification[0m [1;30mLevel 1[0m _identify(utils) by extension 'python'
[0.352s] [34mcolcon.colcon_core.package_identification[0m [1;30mLevel 1[0m _identify(utils) by extensions ['python_setup_py']
[0.352s] [34mcolcon.colcon_core.package_identification[0m [1;30mLevel 1[0m _identify(utils) by extension 'python_setup_py'
[0.352s] [34mcolcon.colcon_core.package_identification[0m [1;30mLevel 1[0m _identify(vda5050_action_handler) by extensions ['ignore', 'ignore_ament_install']
[0.352s] [34mcolcon.colcon_core.package_identification[0m [1;30mLevel 1[0m _identify(vda5050_action_handler) by extension 'ignore'
[0.352s] [34mcolcon.colcon_core.package_identification[0m [1;30mLevel 1[0m _identify(vda5050_action_handler) by extension 'ignore_ament_install'
[0.352s] [34mcolcon.colcon_core.package_identification[0m [1;30mLevel 1[0m _identify(vda5050_action_handler) by extensions ['colcon_pkg']
[0.352s] [34mcolcon.colcon_core.package_identification[0m [1;30mLevel 1[0m _identify(vda5050_action_handler) by extension 'colcon_pkg'
[0.352s] [34mcolcon.colcon_core.package_identification[0m [1;30mLevel 1[0m _identify(vda5050_action_handler) by extensions ['colcon_meta']
[0.352s] [34mcolcon.colcon_core.package_identification[0m [1;30mLevel 1[0m _identify(vda5050_action_handler) by extension 'colcon_meta'
[0.352s] [34mcolcon.colcon_core.package_identification[0m [1;30mLevel 1[0m _identify(vda5050_action_handler) by extensions ['ros']
[0.352s] [34mcolcon.colcon_core.package_identification[0m [1;30mLevel 1[0m _identify(vda5050_action_handler) by extension 'ros'
[0.352s] [34mcolcon.colcon_core.package_identification[0m [1;30mDEBUG[0m [32mPackage 'vda5050_action_handler' with type 'ros.ament_cmake' and name 'vda5050_action_handler'[0m
[0.352s] [34mcolcon.colcon_core.package_identification[0m [1;30mLevel 1[0m _identify(vda5050_action_handler_plugins) by extensions ['ignore', 'ignore_ament_install']
[0.353s] [34mcolcon.colcon_core.package_identification[0m [1;30mLevel 1[0m _identify(vda5050_action_handler_plugins) by extension 'ignore'
[0.353s] [34mcolcon.colcon_core.package_identification[0m [1;30mLevel 1[0m _identify(vda5050_action_handler_plugins) by extension 'ignore_ament_install'
[0.353s] [34mcolcon.colcon_core.package_identification[0m [1;30mLevel 1[0m _identify(vda5050_action_handler_plugins) by extensions ['colcon_pkg']
[0.353s] [34mcolcon.colcon_core.package_identification[0m [1;30mLevel 1[0m _identify(vda5050_action_handler_plugins) by extension 'colcon_pkg'
[0.353s] [34mcolcon.colcon_core.package_identification[0m [1;30mLevel 1[0m _identify(vda5050_action_handler_plugins) by extensions ['colcon_meta']
[0.353s] [34mcolcon.colcon_core.package_identification[0m [1;30mLevel 1[0m _identify(vda5050_action_handler_plugins) by extension 'colcon_meta'
[0.353s] [34mcolcon.colcon_core.package_identification[0m [1;30mLevel 1[0m _identify(vda5050_action_handler_plugins) by extensions ['ros']
[0.353s] [34mcolcon.colcon_core.package_identification[0m [1;30mLevel 1[0m _identify(vda5050_action_handler_plugins) by extension 'ros'
[0.353s] [34mcolcon.colcon_core.package_identification[0m [1;30mDEBUG[0m [32mPackage 'vda5050_action_handler_plugins' with type 'ros.ament_cmake' and name 'vda5050_action_handler_plugins'[0m
[0.353s] [34mcolcon.colcon_core.package_identification[0m [1;30mLevel 1[0m _identify(vda5050_msgs) by extensions ['ignore', 'ignore_ament_install']
[0.353s] [34mcolcon.colcon_core.package_identification[0m [1;30mLevel 1[0m _identify(vda5050_msgs) by extension 'ignore'
[0.353s] [34mcolcon.colcon_core.package_identification[0m [1;30mLevel 1[0m _identify(vda5050_msgs) by extension 'ignore_ament_install'
[0.353s] [34mcolcon.colcon_core.package_identification[0m [1;30mLevel 1[0m _identify(vda5050_msgs) by extensions ['colcon_pkg']
[0.353s] [34mcolcon.colcon_core.package_identification[0m [1;30mLevel 1[0m _identify(vda5050_msgs) by extension 'colcon_pkg'
[0.353s] [34mcolcon.colcon_core.package_identification[0m [1;30mLevel 1[0m _identify(vda5050_msgs) by extensions ['colcon_meta']
[0.353s] [34mcolcon.colcon_core.package_identification[0m [1;30mLevel 1[0m _identify(vda5050_msgs) by extension 'colcon_meta'
[0.353s] [34mcolcon.colcon_core.package_identification[0m [1;30mLevel 1[0m _identify(vda5050_msgs) by extensions ['ros']
[0.353s] [34mcolcon.colcon_core.package_identification[0m [1;30mLevel 1[0m _identify(vda5050_msgs) by extension 'ros'
[0.354s] [34mcolcon.colcon_core.package_identification[0m [1;30mDEBUG[0m [32mPackage 'vda5050_msgs' with type 'ros.ament_cmake' and name 'vda5050_msgs'[0m
[0.354s] [34mcolcon.colcon_core.package_discovery[0m [1;30mLevel 1[0m discover_packages(recursive) using defaults
[0.354s] [34mcolcon.colcon_core.package_discovery[0m [1;30mLevel 1[0m discover_packages(ignore) discover
[0.354s] [34mcolcon.colcon_core.package_discovery[0m [1;30mLevel 1[0m discover_packages(ignore) using defaults
[0.354s] [34mcolcon.colcon_core.package_discovery[0m [1;30mLevel 1[0m discover_packages(path) discover
[0.354s] [34mcolcon.colcon_core.package_discovery[0m [1;30mLevel 1[0m discover_packages(path) using defaults
[0.385s] [34mcolcon.colcon_core.verb[0m [1;30mLevel 5[0m set package 'isaac_ros_cloud_control_interface' build argument 'cmake_args' from command line to 'None'
[0.385s] [34mcolcon.colcon_core.verb[0m [1;30mLevel 5[0m set package 'isaac_ros_cloud_control_interface' build argument 'cmake_target' from command line to 'None'
[0.385s] [34mcolcon.colcon_core.verb[0m [1;30mLevel 5[0m set package 'isaac_ros_cloud_control_interface' build argument 'cmake_target_skip_unavailable' from command line to 'False'
[0.385s] [34mcolcon.colcon_core.verb[0m [1;30mLevel 5[0m set package 'isaac_ros_cloud_control_interface' build argument 'cmake_clean_cache' from command line to 'False'
[0.385s] [34mcolcon.colcon_core.verb[0m [1;30mLevel 5[0m set package 'isaac_ros_cloud_control_interface' build argument 'cmake_clean_first' from command line to 'False'
[0.385s] [34mcolcon.colcon_core.verb[0m [1;30mLevel 5[0m set package 'isaac_ros_cloud_control_interface' build argument 'cmake_force_configure' from command line to 'False'
[0.385s] [34mcolcon.colcon_core.verb[0m [1;30mLevel 5[0m set package 'isaac_ros_cloud_control_interface' build argument 'ament_cmake_args' from command line to 'None'
[0.385s] [34mcolcon.colcon_core.verb[0m [1;30mLevel 5[0m set package 'isaac_ros_cloud_control_interface' build argument 'catkin_cmake_args' from command line to 'None'
[0.385s] [34mcolcon.colcon_core.verb[0m [1;30mLevel 5[0m set package 'isaac_ros_cloud_control_interface' build argument 'catkin_skip_building_tests' from command line to 'False'
[0.385s] [34mcolcon.colcon_core.verb[0m [1;30mDEBUG[0m [32mBuilding package 'isaac_ros_cloud_control_interface' with the following arguments: {'ament_cmake_args': None, 'build_base': '/home/isaacp/repos/alphaz/isaac_ros_cloud_control/build/isaac_ros_cloud_control_interface', 'catkin_cmake_args': None, 'catkin_skip_building_tests': False, 'cmake_args': None, 'cmake_clean_cache': False, 'cmake_clean_first': False, 'cmake_force_configure': False, 'cmake_target': None, 'cmake_target_skip_unavailable': False, 'install_base': '/home/isaacp/repos/alphaz/isaac_ros_cloud_control/install/isaac_ros_cloud_control_interface', 'merge_install': False, 'path': '/home/isaacp/repos/alphaz/isaac_ros_cloud_control/isaac_ros_cloud_control_interface', 'symlink_install': False, 'test_result_base': None}[0m
[0.386s] [34mcolcon.colcon_core.verb[0m [1;30mLevel 5[0m set package 'isaac_ros_json_info_generator' build argument 'cmake_args' from command line to 'None'
[0.386s] [34mcolcon.colcon_core.verb[0m [1;30mLevel 5[0m set package 'isaac_ros_json_info_generator' build argument 'cmake_target' from command line to 'None'
[0.386s] [34mcolcon.colcon_core.verb[0m [1;30mLevel 5[0m set package 'isaac_ros_json_info_generator' build argument 'cmake_target_skip_unavailable' from command line to 'False'
[0.386s] [34mcolcon.colcon_core.verb[0m [1;30mLevel 5[0m set package 'isaac_ros_json_info_generator' build argument 'cmake_clean_cache' from command line to 'False'
[0.386s] [34mcolcon.colcon_core.verb[0m [1;30mLevel 5[0m set package 'isaac_ros_json_info_generator' build argument 'cmake_clean_first' from command line to 'False'
[0.386s] [34mcolcon.colcon_core.verb[0m [1;30mLevel 5[0m set package 'isaac_ros_json_info_generator' build argument 'cmake_force_configure' from command line to 'False'
[0.386s] [34mcolcon.colcon_core.verb[0m [1;30mLevel 5[0m set package 'isaac_ros_json_info_generator' build argument 'ament_cmake_args' from command line to 'None'
[0.386s] [34mcolcon.colcon_core.verb[0m [1;30mLevel 5[0m set package 'isaac_ros_json_info_generator' build argument 'catkin_cmake_args' from command line to 'None'
[0.386s] [34mcolcon.colcon_core.verb[0m [1;30mLevel 5[0m set package 'isaac_ros_json_info_generator' build argument 'catkin_skip_building_tests' from command line to 'False'
[0.386s] [34mcolcon.colcon_core.verb[0m [1;30mDEBUG[0m [32mBuilding package 'isaac_ros_json_info_generator' with the following arguments: {'ament_cmake_args': None, 'build_base': '/home/isaacp/repos/alphaz/isaac_ros_cloud_control/build/isaac_ros_json_info_generator', 'catkin_cmake_args': None, 'catkin_skip_building_tests': False, 'cmake_args': None, 'cmake_clean_cache': False, 'cmake_clean_first': False, 'cmake_force_configure': False, 'cmake_target': None, 'cmake_target_skip_unavailable': False, 'install_base': '/home/isaacp/repos/alphaz/isaac_ros_cloud_control/install/isaac_ros_json_info_generator', 'merge_install': False, 'path': '/home/isaacp/repos/alphaz/isaac_ros_cloud_control/isaac_ros_json_info_generator', 'symlink_install': False, 'test_result_base': None}[0m
[0.386s] [34mcolcon.colcon_core.verb[0m [1;30mLevel 5[0m set package 'isaac_ros_mega_controller' build argument 'cmake_args' from command line to 'None'
[0.386s] [34mcolcon.colcon_core.verb[0m [1;30mLevel 5[0m set package 'isaac_ros_mega_controller' build argument 'cmake_target' from command line to 'None'
[0.386s] [34mcolcon.colcon_core.verb[0m [1;30mLevel 5[0m set package 'isaac_ros_mega_controller' build argument 'cmake_target_skip_unavailable' from command line to 'False'
[0.386s] [34mcolcon.colcon_core.verb[0m [1;30mLevel 5[0m set package 'isaac_ros_mega_controller' build argument 'cmake_clean_cache' from command line to 'False'
[0.386s] [34mcolcon.colcon_core.verb[0m [1;30mLevel 5[0m set package 'isaac_ros_mega_controller' build argument 'cmake_clean_first' from command line to 'False'
[0.386s] [34mcolcon.colcon_core.verb[0m [1;30mLevel 5[0m set package 'isaac_ros_mega_controller' build argument 'cmake_force_configure' from command line to 'False'
[0.386s] [34mcolcon.colcon_core.verb[0m [1;30mLevel 5[0m set package 'isaac_ros_mega_controller' build argument 'ament_cmake_args' from command line to 'None'
[0.386s] [34mcolcon.colcon_core.verb[0m [1;30mLevel 5[0m set package 'isaac_ros_mega_controller' build argument 'catkin_cmake_args' from command line to 'None'
[0.386s] [34mcolcon.colcon_core.verb[0m [1;30mLevel 5[0m set package 'isaac_ros_mega_controller' build argument 'catkin_skip_building_tests' from command line to 'False'
[0.386s] [34mcolcon.colcon_core.verb[0m [1;30mDEBUG[0m [32mBuilding package 'isaac_ros_mega_controller' with the following arguments: {'ament_cmake_args': None, 'build_base': '/home/isaacp/repos/alphaz/isaac_ros_cloud_control/build/isaac_ros_mega_controller', 'catkin_cmake_args': None, 'catkin_skip_building_tests': False, 'cmake_args': None, 'cmake_clean_cache': False, 'cmake_clean_first': False, 'cmake_force_configure': False, 'cmake_target': None, 'cmake_target_skip_unavailable': False, 'install_base': '/home/isaacp/repos/alphaz/isaac_ros_cloud_control/install/isaac_ros_mega_controller', 'merge_install': False, 'path': '/home/isaacp/repos/alphaz/isaac_ros_cloud_control/isaac_ros_mega_controller', 'symlink_install': False, 'test_result_base': None}[0m
[0.386s] [34mcolcon.colcon_core.verb[0m [1;30mLevel 5[0m set package 'isaac_ros_mega_node_monitor' build argument 'cmake_args' from command line to 'None'
[0.386s] [34mcolcon.colcon_core.verb[0m [1;30mLevel 5[0m set package 'isaac_ros_mega_node_monitor' build argument 'cmake_target' from command line to 'None'
[0.386s] [34mcolcon.colcon_core.verb[0m [1;30mLevel 5[0m set package 'isaac_ros_mega_node_monitor' build argument 'cmake_target_skip_unavailable' from command line to 'False'
[0.386s] [34mcolcon.colcon_core.verb[0m [1;30mLevel 5[0m set package 'isaac_ros_mega_node_monitor' build argument 'cmake_clean_cache' from command line to 'False'
[0.386s] [34mcolcon.colcon_core.verb[0m [1;30mLevel 5[0m set package 'isaac_ros_mega_node_monitor' build argument 'cmake_clean_first' from command line to 'False'
[0.386s] [34mcolcon.colcon_core.verb[0m [1;30mLevel 5[0m set package 'isaac_ros_mega_node_monitor' build argument 'cmake_force_configure' from command line to 'False'
[0.386s] [34mcolcon.colcon_core.verb[0m [1;30mLevel 5[0m set package 'isaac_ros_mega_node_monitor' build argument 'ament_cmake_args' from command line to 'None'
[0.386s] [34mcolcon.colcon_core.verb[0m [1;30mLevel 5[0m set package 'isaac_ros_mega_node_monitor' build argument 'catkin_cmake_args' from command line to 'None'
[0.386s] [34mcolcon.colcon_core.verb[0m [1;30mLevel 5[0m set package 'isaac_ros_mega_node_monitor' build argument 'catkin_skip_building_tests' from command line to 'False'
[0.386s] [34mcolcon.colcon_core.verb[0m [1;30mDEBUG[0m [32mBuilding package 'isaac_ros_mega_node_monitor' with the following arguments: {'ament_cmake_args': None, 'build_base': '/home/isaacp/repos/alphaz/isaac_ros_cloud_control/build/isaac_ros_mega_node_monitor', 'catkin_cmake_args': None, 'catkin_skip_building_tests': False, 'cmake_args': None, 'cmake_clean_cache': False, 'cmake_clean_first': False, 'cmake_force_configure': False, 'cmake_target': None, 'cmake_target_skip_unavailable': False, 'install_base': '/home/isaacp/repos/alphaz/isaac_ros_cloud_control/install/isaac_ros_mega_node_monitor', 'merge_install': False, 'path': '/home/isaacp/repos/alphaz/isaac_ros_cloud_control/isaac_ros_mega_node_monitor', 'symlink_install': False, 'test_result_base': None}[0m
[0.386s] [34mcolcon.colcon_core.verb[0m [1;30mLevel 5[0m set package 'isaac_ros_scene_recorder_interface' build argument 'cmake_args' from command line to 'None'
[0.386s] [34mcolcon.colcon_core.verb[0m [1;30mLevel 5[0m set package 'isaac_ros_scene_recorder_interface' build argument 'cmake_target' from command line to 'None'
[0.386s] [34mcolcon.colcon_core.verb[0m [1;30mLevel 5[0m set package 'isaac_ros_scene_recorder_interface' build argument 'cmake_target_skip_unavailable' from command line to 'False'
[0.386s] [34mcolcon.colcon_core.verb[0m [1;30mLevel 5[0m set package 'isaac_ros_scene_recorder_interface' build argument 'cmake_clean_cache' from command line to 'False'
[0.386s] [34mcolcon.colcon_core.verb[0m [1;30mLevel 5[0m set package 'isaac_ros_scene_recorder_interface' build argument 'cmake_clean_first' from command line to 'False'
[0.386s] [34mcolcon.colcon_core.verb[0m [1;30mLevel 5[0m set package 'isaac_ros_scene_recorder_interface' build argument 'cmake_force_configure' from command line to 'False'
[0.386s] [34mcolcon.colcon_core.verb[0m [1;30mLevel 5[0m set package 'isaac_ros_scene_recorder_interface' build argument 'ament_cmake_args' from command line to 'None'
[0.386s] [34mcolcon.colcon_core.verb[0m [1;30mLevel 5[0m set package 'isaac_ros_scene_recorder_interface' build argument 'catkin_cmake_args' from command line to 'None'
[0.386s] [34mcolcon.colcon_core.verb[0m [1;30mLevel 5[0m set package 'isaac_ros_scene_recorder_interface' build argument 'catkin_skip_building_tests' from command line to 'False'
[0.386s] [34mcolcon.colcon_core.verb[0m [1;30mDEBUG[0m [32mBuilding package 'isaac_ros_scene_recorder_interface' with the following arguments: {'ament_cmake_args': None, 'build_base': '/home/isaacp/repos/alphaz/isaac_ros_cloud_control/build/isaac_ros_scene_recorder_interface', 'catkin_cmake_args': None, 'catkin_skip_building_tests': False, 'cmake_args': None, 'cmake_clean_cache': False, 'cmake_clean_first': False, 'cmake_force_configure': False, 'cmake_target': None, 'cmake_target_skip_unavailable': False, 'install_base': '/home/isaacp/repos/alphaz/isaac_ros_cloud_control/install/isaac_ros_scene_recorder_interface', 'merge_install': False, 'path': '/home/isaacp/repos/alphaz/isaac_ros_cloud_control/isaac_ros_scene_recorder_interface', 'symlink_install': False, 'test_result_base': None}[0m
[0.386s] [34mcolcon.colcon_core.verb[0m [1;30mLevel 5[0m set package 'vda5050_msgs' build argument 'cmake_args' from command line to 'None'
[0.386s] [34mcolcon.colcon_core.verb[0m [1;30mLevel 5[0m set package 'vda5050_msgs' build argument 'cmake_target' from command line to 'None'
[0.386s] [34mcolcon.colcon_core.verb[0m [1;30mLevel 5[0m set package 'vda5050_msgs' build argument 'cmake_target_skip_unavailable' from command line to 'False'
[0.386s] [34mcolcon.colcon_core.verb[0m [1;30mLevel 5[0m set package 'vda5050_msgs' build argument 'cmake_clean_cache' from command line to 'False'
[0.386s] [34mcolcon.colcon_core.verb[0m [1;30mLevel 5[0m set package 'vda5050_msgs' build argument 'cmake_clean_first' from command line to 'False'
[0.386s] [34mcolcon.colcon_core.verb[0m [1;30mLevel 5[0m set package 'vda5050_msgs' build argument 'cmake_force_configure' from command line to 'False'
[0.386s] [34mcolcon.colcon_core.verb[0m [1;30mLevel 5[0m set package 'vda5050_msgs' build argument 'ament_cmake_args' from command line to 'None'
[0.386s] [34mcolcon.colcon_core.verb[0m [1;30mLevel 5[0m set package 'vda5050_msgs' build argument 'catkin_cmake_args' from command line to 'None'
[0.386s] [34mcolcon.colcon_core.verb[0m [1;30mLevel 5[0m set package 'vda5050_msgs' build argument 'catkin_skip_building_tests' from command line to 'False'
[0.386s] [34mcolcon.colcon_core.verb[0m [1;30mDEBUG[0m [32mBuilding package 'vda5050_msgs' with the following arguments: {'ament_cmake_args': None, 'build_base': '/home/isaacp/repos/alphaz/isaac_ros_cloud_control/build/vda5050_msgs', 'catkin_cmake_args': None, 'catkin_skip_building_tests': False, 'cmake_args': None, 'cmake_clean_cache': False, 'cmake_clean_first': False, 'cmake_force_configure': False, 'cmake_target': None, 'cmake_target_skip_unavailable': False, 'install_base': '/home/isaacp/repos/alphaz/isaac_ros_cloud_control/install/vda5050_msgs', 'merge_install': False, 'path': '/home/isaacp/repos/alphaz/isaac_ros_cloud_control/vda5050_msgs', 'symlink_install': False, 'test_result_base': None}[0m
[0.386s] [34mcolcon.colcon_core.verb[0m [1;30mLevel 5[0m set package 'isaac_ros_mqtt_bridge' build argument 'cmake_args' from command line to 'None'
[0.386s] [34mcolcon.colcon_core.verb[0m [1;30mLevel 5[0m set package 'isaac_ros_mqtt_bridge' build argument 'cmake_target' from command line to 'None'
[0.386s] [34mcolcon.colcon_core.verb[0m [1;30mLevel 5[0m set package 'isaac_ros_mqtt_bridge' build argument 'cmake_target_skip_unavailable' from command line to 'False'
[0.386s] [34mcolcon.colcon_core.verb[0m [1;30mLevel 5[0m set package 'isaac_ros_mqtt_bridge' build argument 'cmake_clean_cache' from command line to 'False'
[0.387s] [34mcolcon.colcon_core.verb[0m [1;30mLevel 5[0m set package 'isaac_ros_mqtt_bridge' build argument 'cmake_clean_first' from command line to 'False'
[0.387s] [34mcolcon.colcon_core.verb[0m [1;30mLevel 5[0m set package 'isaac_ros_mqtt_bridge' build argument 'cmake_force_configure' from command line to 'False'
[0.387s] [34mcolcon.colcon_core.verb[0m [1;30mLevel 5[0m set package 'isaac_ros_mqtt_bridge' build argument 'ament_cmake_args' from command line to 'None'
[0.387s] [34mcolcon.colcon_core.verb[0m [1;30mLevel 5[0m set package 'isaac_ros_mqtt_bridge' build argument 'catkin_cmake_args' from command line to 'None'
[0.387s] [34mcolcon.colcon_core.verb[0m [1;30mLevel 5[0m set package 'isaac_ros_mqtt_bridge' build argument 'catkin_skip_building_tests' from command line to 'False'
[0.387s] [34mcolcon.colcon_core.verb[0m [1;30mDEBUG[0m [32mBuilding package 'isaac_ros_mqtt_bridge' with the following arguments: {'ament_cmake_args': None, 'build_base': '/home/isaacp/repos/alphaz/isaac_ros_cloud_control/build/isaac_ros_mqtt_bridge', 'catkin_cmake_args': None, 'catkin_skip_building_tests': False, 'cmake_args': None, 'cmake_clean_cache': False, 'cmake_clean_first': False, 'cmake_force_configure': False, 'cmake_target': None, 'cmake_target_skip_unavailable': False, 'install_base': '/home/isaacp/repos/alphaz/isaac_ros_cloud_control/install/isaac_ros_mqtt_bridge', 'merge_install': False, 'path': '/home/isaacp/repos/alphaz/isaac_ros_cloud_control/isaac_ros_mqtt_bridge', 'symlink_install': False, 'test_result_base': None}[0m
[0.387s] [34mcolcon.colcon_core.verb[0m [1;30mLevel 5[0m set package 'vda5050_action_handler' build argument 'cmake_args' from command line to 'None'
[0.387s] [34mcolcon.colcon_core.verb[0m [1;30mLevel 5[0m set package 'vda5050_action_handler' build argument 'cmake_target' from command line to 'None'
[0.387s] [34mcolcon.colcon_core.verb[0m [1;30mLevel 5[0m set package 'vda5050_action_handler' build argument 'cmake_target_skip_unavailable' from command line to 'False'
[0.387s] [34mcolcon.colcon_core.verb[0m [1;30mLevel 5[0m set package 'vda5050_action_handler' build argument 'cmake_clean_cache' from command line to 'False'
[0.387s] [34mcolcon.colcon_core.verb[0m [1;30mLevel 5[0m set package 'vda5050_action_handler' build argument 'cmake_clean_first' from command line to 'False'
[0.387s] [34mcolcon.colcon_core.verb[0m [1;30mLevel 5[0m set package 'vda5050_action_handler' build argument 'cmake_force_configure' from command line to 'False'
[0.387s] [34mcolcon.colcon_core.verb[0m [1;30mLevel 5[0m set package 'vda5050_action_handler' build argument 'ament_cmake_args' from command line to 'None'
[0.387s] [34mcolcon.colcon_core.verb[0m [1;30mLevel 5[0m set package 'vda5050_action_handler' build argument 'catkin_cmake_args' from command line to 'None'
[0.387s] [34mcolcon.colcon_core.verb[0m [1;30mLevel 5[0m set package 'vda5050_action_handler' build argument 'catkin_skip_building_tests' from command line to 'False'
[0.387s] [34mcolcon.colcon_core.verb[0m [1;30mDEBUG[0m [32mBuilding package 'vda5050_action_handler' with the following arguments: {'ament_cmake_args': None, 'build_base': '/home/isaacp/repos/alphaz/isaac_ros_cloud_control/build/vda5050_action_handler', 'catkin_cmake_args': None, 'catkin_skip_building_tests': False, 'cmake_args': None, 'cmake_clean_cache': False, 'cmake_clean_first': False, 'cmake_force_configure': False, 'cmake_target': None, 'cmake_target_skip_unavailable': False, 'install_base': '/home/isaacp/repos/alphaz/isaac_ros_cloud_control/install/vda5050_action_handler', 'merge_install': False, 'path': '/home/isaacp/repos/alphaz/isaac_ros_cloud_control/vda5050_action_handler', 'symlink_install': False, 'test_result_base': None}[0m
[0.387s] [34mcolcon.colcon_core.verb[0m [1;30mLevel 5[0m set package 'isaac_ros_vda5050_client' build argument 'cmake_args' from command line to 'None'
[0.387s] [34mcolcon.colcon_core.verb[0m [1;30mLevel 5[0m set package 'isaac_ros_vda5050_client' build argument 'cmake_target' from command line to 'None'
[0.387s] [34mcolcon.colcon_core.verb[0m [1;30mLevel 5[0m set package 'isaac_ros_vda5050_client' build argument 'cmake_target_skip_unavailable' from command line to 'False'
[0.387s] [34mcolcon.colcon_core.verb[0m [1;30mLevel 5[0m set package 'isaac_ros_vda5050_client' build argument 'cmake_clean_cache' from command line to 'False'
[0.387s] [34mcolcon.colcon_core.verb[0m [1;30mLevel 5[0m set package 'isaac_ros_vda5050_client' build argument 'cmake_clean_first' from command line to 'False'
[0.387s] [34mcolcon.colcon_core.verb[0m [1;30mLevel 5[0m set package 'isaac_ros_vda5050_client' build argument 'cmake_force_configure' from command line to 'False'
[0.387s] [34mcolcon.colcon_core.verb[0m [1;30mLevel 5[0m set package 'isaac_ros_vda5050_client' build argument 'ament_cmake_args' from command line to 'None'
[0.387s] [34mcolcon.colcon_core.verb[0m [1;30mLevel 5[0m set package 'isaac_ros_vda5050_client' build argument 'catkin_cmake_args' from command line to 'None'
[0.387s] [34mcolcon.colcon_core.verb[0m [1;30mLevel 5[0m set package 'isaac_ros_vda5050_client' build argument 'catkin_skip_building_tests' from command line to 'False'
[0.387s] [34mcolcon.colcon_core.verb[0m [1;30mDEBUG[0m [32mBuilding package 'isaac_ros_vda5050_client' with the following arguments: {'ament_cmake_args': None, 'build_base': '/home/isaacp/repos/alphaz/isaac_ros_cloud_control/build/isaac_ros_vda5050_client', 'catkin_cmake_args': None, 'catkin_skip_building_tests': False, 'cmake_args': None, 'cmake_clean_cache': False, 'cmake_clean_first': False, 'cmake_force_configure': False, 'cmake_target': None, 'cmake_target_skip_unavailable': False, 'install_base': '/home/isaacp/repos/alphaz/isaac_ros_cloud_control/install/isaac_ros_vda5050_client', 'merge_install': False, 'path': '/home/isaacp/repos/alphaz/isaac_ros_cloud_control/isaac_ros_vda5050_client', 'symlink_install': False, 'test_result_base': None}[0m
[0.387s] [34mcolcon.colcon_core.verb[0m [1;30mLevel 5[0m set package 'isaac_ros_scene_recorder' build argument 'cmake_args' from command line to 'None'
[0.387s] [34mcolcon.colcon_core.verb[0m [1;30mLevel 5[0m set package 'isaac_ros_scene_recorder' build argument 'cmake_target' from command line to 'None'
[0.387s] [34mcolcon.colcon_core.verb[0m [1;30mLevel 5[0m set package 'isaac_ros_scene_recorder' build argument 'cmake_target_skip_unavailable' from command line to 'False'
[0.387s] [34mcolcon.colcon_core.verb[0m [1;30mLevel 5[0m set package 'isaac_ros_scene_recorder' build argument 'cmake_clean_cache' from command line to 'False'
[0.387s] [34mcolcon.colcon_core.verb[0m [1;30mLevel 5[0m set package 'isaac_ros_scene_recorder' build argument 'cmake_clean_first' from command line to 'False'
[0.387s] [34mcolcon.colcon_core.verb[0m [1;30mLevel 5[0m set package 'isaac_ros_scene_recorder' build argument 'cmake_force_configure' from command line to 'False'
[0.387s] [34mcolcon.colcon_core.verb[0m [1;30mLevel 5[0m set package 'isaac_ros_scene_recorder' build argument 'ament_cmake_args' from command line to 'None'
[0.387s] [34mcolcon.colcon_core.verb[0m [1;30mLevel 5[0m set package 'isaac_ros_scene_recorder' build argument 'catkin_cmake_args' from command line to 'None'
[0.387s] [34mcolcon.colcon_core.verb[0m [1;30mLevel 5[0m set package 'isaac_ros_scene_recorder' build argument 'catkin_skip_building_tests' from command line to 'False'
[0.387s] [34mcolcon.colcon_core.verb[0m [1;30mDEBUG[0m [32mBuilding package 'isaac_ros_scene_recorder' with the following arguments: {'ament_cmake_args': None, 'build_base': '/home/isaacp/repos/alphaz/isaac_ros_cloud_control/build/isaac_ros_scene_recorder', 'catkin_cmake_args': None, 'catkin_skip_building_tests': False, 'cmake_args': None, 'cmake_clean_cache': False, 'cmake_clean_first': False, 'cmake_force_configure': False, 'cmake_target': None, 'cmake_target_skip_unavailable': False, 'install_base': '/home/isaacp/repos/alphaz/isaac_ros_cloud_control/install/isaac_ros_scene_recorder', 'merge_install': False, 'path': '/home/isaacp/repos/alphaz/isaac_ros_cloud_control/isaac_ros_scene_recorder', 'symlink_install': False, 'test_result_base': None}[0m
[0.387s] [34mcolcon.colcon_core.verb[0m [1;30mLevel 5[0m set package 'vda5050_action_handler_plugins' build argument 'cmake_args' from command line to 'None'
[0.387s] [34mcolcon.colcon_core.verb[0m [1;30mLevel 5[0m set package 'vda5050_action_handler_plugins' build argument 'cmake_target' from command line to 'None'
[0.387s] [34mcolcon.colcon_core.verb[0m [1;30mLevel 5[0m set package 'vda5050_action_handler_plugins' build argument 'cmake_target_skip_unavailable' from command line to 'False'
[0.387s] [34mcolcon.colcon_core.verb[0m [1;30mLevel 5[0m set package 'vda5050_action_handler_plugins' build argument 'cmake_clean_cache' from command line to 'False'
[0.387s] [34mcolcon.colcon_core.verb[0m [1;30mLevel 5[0m set package 'vda5050_action_handler_plugins' build argument 'cmake_clean_first' from command line to 'False'
[0.387s] [34mcolcon.colcon_core.verb[0m [1;30mLevel 5[0m set package 'vda5050_action_handler_plugins' build argument 'cmake_force_configure' from command line to 'False'
[0.387s] [34mcolcon.colcon_core.verb[0m [1;30mLevel 5[0m set package 'vda5050_action_handler_plugins' build argument 'ament_cmake_args' from command line to 'None'
[0.387s] [34mcolcon.colcon_core.verb[0m [1;30mLevel 5[0m set package 'vda5050_action_handler_plugins' build argument 'catkin_cmake_args' from command line to 'None'
[0.387s] [34mcolcon.colcon_core.verb[0m [1;30mLevel 5[0m set package 'vda5050_action_handler_plugins' build argument 'catkin_skip_building_tests' from command line to 'False'
[0.387s] [34mcolcon.colcon_core.verb[0m [1;30mDEBUG[0m [32mBuilding package 'vda5050_action_handler_plugins' with the following arguments: {'ament_cmake_args': None, 'build_base': '/home/isaacp/repos/alphaz/isaac_ros_cloud_control/build/vda5050_action_handler_plugins', 'catkin_cmake_args': None, 'catkin_skip_building_tests': False, 'cmake_args': None, 'cmake_clean_cache': False, 'cmake_clean_first': False, 'cmake_force_configure': False, 'cmake_target': None, 'cmake_target_skip_unavailable': False, 'install_base': '/home/isaacp/repos/alphaz/isaac_ros_cloud_control/install/vda5050_action_handler_plugins', 'merge_install': False, 'path': '/home/isaacp/repos/alphaz/isaac_ros_cloud_control/vda5050_action_handler_plugins', 'symlink_install': False, 'test_result_base': None}[0m
[0.387s] [34mcolcon.colcon_core.verb[0m [1;30mLevel 5[0m set package 'isaac_ros_vda5050_client_bringup' build argument 'cmake_args' from command line to 'None'
[0.387s] [34mcolcon.colcon_core.verb[0m [1;30mLevel 5[0m set package 'isaac_ros_vda5050_client_bringup' build argument 'cmake_target' from command line to 'None'
[0.387s] [34mcolcon.colcon_core.verb[0m [1;30mLevel 5[0m set package 'isaac_ros_vda5050_client_bringup' build argument 'cmake_target_skip_unavailable' from command line to 'False'
[0.387s] [34mcolcon.colcon_core.verb[0m [1;30mLevel 5[0m set package 'isaac_ros_vda5050_client_bringup' build argument 'cmake_clean_cache' from command line to 'False'
[0.387s] [34mcolcon.colcon_core.verb[0m [1;30mLevel 5[0m set package 'isaac_ros_vda5050_client_bringup' build argument 'cmake_clean_first' from command line to 'False'
[0.387s] [34mcolcon.colcon_core.verb[0m [1;30mLevel 5[0m set package 'isaac_ros_vda5050_client_bringup' build argument 'cmake_force_configure' from command line to 'False'
[0.387s] [34mcolcon.colcon_core.verb[0m [1;30mLevel 5[0m set package 'isaac_ros_vda5050_client_bringup' build argument 'ament_cmake_args' from command line to 'None'
[0.387s] [34mcolcon.colcon_core.verb[0m [1;30mLevel 5[0m set package 'isaac_ros_vda5050_client_bringup' build argument 'catkin_cmake_args' from command line to 'None'
[0.387s] [34mcolcon.colcon_core.verb[0m [1;30mLevel 5[0m set package 'isaac_ros_vda5050_client_bringup' build argument 'catkin_skip_building_tests' from command line to 'False'
[0.387s] [34mcolcon.colcon_core.verb[0m [1;30mDEBUG[0m [32mBuilding package 'isaac_ros_vda5050_client_bringup' with the following arguments: {'ament_cmake_args': None, 'build_base': '/home/isaacp/repos/alphaz/isaac_ros_cloud_control/build/isaac_ros_vda5050_client_bringup', 'catkin_cmake_args': None, 'catkin_skip_building_tests': False, 'cmake_args': None, 'cmake_clean_cache': False, 'cmake_clean_first': False, 'cmake_force_configure': False, 'cmake_target': None, 'cmake_target_skip_unavailable': False, 'install_base': '/home/isaacp/repos/alphaz/isaac_ros_cloud_control/install/isaac_ros_vda5050_client_bringup', 'merge_install': False, 'path': '/home/isaacp/repos/alphaz/isaac_ros_cloud_control/isaac_ros_vda5050_client_bringup', 'symlink_install': False, 'test_result_base': None}[0m
[0.387s] [34mcolcon.colcon_core.verb[0m [1;30mLevel 5[0m set package 'isaac_ros_mission_client' build argument 'cmake_args' from command line to 'None'
[0.387s] [34mcolcon.colcon_core.verb[0m [1;30mLevel 5[0m set package 'isaac_ros_mission_client' build argument 'cmake_target' from command line to 'None'
[0.387s] [34mcolcon.colcon_core.verb[0m [1;30mLevel 5[0m set package 'isaac_ros_mission_client' build argument 'cmake_target_skip_unavailable' from command line to 'False'
[0.387s] [34mcolcon.colcon_core.verb[0m [1;30mLevel 5[0m set package 'isaac_ros_mission_client' build argument 'cmake_clean_cache' from command line to 'False'
[0.387s] [34mcolcon.colcon_core.verb[0m [1;30mLevel 5[0m set package 'isaac_ros_mission_client' build argument 'cmake_clean_first' from command line to 'False'
[0.387s] [34mcolcon.colcon_core.verb[0m [1;30mLevel 5[0m set package 'isaac_ros_mission_client' build argument 'cmake_force_configure' from command line to 'False'
[0.387s] [34mcolcon.colcon_core.verb[0m [1;30mLevel 5[0m set package 'isaac_ros_mission_client' build argument 'ament_cmake_args' from command line to 'None'
[0.387s] [34mcolcon.colcon_core.verb[0m [1;30mLevel 5[0m set package 'isaac_ros_mission_client' build argument 'catkin_cmake_args' from command line to 'None'
[0.387s] [34mcolcon.colcon_core.verb[0m [1;30mLevel 5[0m set package 'isaac_ros_mission_client' build argument 'catkin_skip_building_tests' from command line to 'False'
[0.387s] [34mcolcon.colcon_core.verb[0m [1;30mDEBUG[0m [32mBuilding package 'isaac_ros_mission_client' with the following arguments: {'ament_cmake_args': None, 'build_base': '/home/isaacp/repos/alphaz/isaac_ros_cloud_control/build/isaac_ros_mission_client', 'catkin_cmake_args': None, 'catkin_skip_building_tests': False, 'cmake_args': None, 'cmake_clean_cache': False, 'cmake_clean_first': False, 'cmake_force_configure': False, 'cmake_target': None, 'cmake_target_skip_unavailable': False, 'install_base': '/home/isaacp/repos/alphaz/isaac_ros_cloud_control/install/isaac_ros_mission_client', 'merge_install': False, 'path': '/home/isaacp/repos/alphaz/isaac_ros_cloud_control/isaac_ros_mission_client', 'symlink_install': False, 'test_result_base': None}[0m
[0.387s] [34mcolcon.colcon_core.executor[0m [1;30mINFO[0m Executing jobs using 'parallel' executor
[0.388s] [34mcolcon.colcon_parallel_executor.executor.parallel[0m [1;30mDEBUG[0m [32mrun_until_complete[0m
[0.388s] [34mcolcon.colcon_ros.task.ament_cmake.build[0m [1;30mINFO[0m Building ROS package in '/home/isaacp/repos/alphaz/isaac_ros_cloud_control/vda5050_msgs' with build type 'ament_cmake'
[0.388s] [34mcolcon.colcon_cmake.task.cmake.build[0m [1;30mINFO[0m Building CMake package in '/home/isaacp/repos/alphaz/isaac_ros_cloud_control/vda5050_msgs'
[0.393s] [34mcolcon.colcon_core.plugin_system[0m [1;30mINFO[0m Skipping extension 'colcon_core.shell.bat': Not used on non-Windows systems
[0.393s] [34mcolcon.colcon_core.shell[0m [1;30mINFO[0m Skip shell extension 'powershell' for command environment: Not usable outside of PowerShell
[0.393s] [34mcolcon.colcon_core.shell[0m [1;30mDEBUG[0m [32mSkip shell extension 'dsv' for command environment[0m
[0.398s] [34mcolcon.colcon_ros.task.ament_python.build[0m [1;30mINFO[0m Building ROS package in '/home/isaacp/repos/alphaz/isaac_ros_cloud_control/isaac_ros_json_info_generator' with build type 'ament_python'
[0.398s] [34mcolcon.colcon_core.shell[0m [1;30mLevel 1[0m create_environment_hook('isaac_ros_json_info_generator', 'ament_prefix_path')
[0.398s] [34mcolcon.colcon_core.shell[0m [1;30mINFO[0m Creating environment hook '/home/isaacp/repos/alphaz/isaac_ros_cloud_control/install/isaac_ros_json_info_generator/share/isaac_ros_json_info_generator/hook/ament_prefix_path.ps1'
[0.399s] [34mcolcon.colcon_core.shell[0m [1;30mINFO[0m Creating environment descriptor '/home/isaacp/repos/alphaz/isaac_ros_cloud_control/install/isaac_ros_json_info_generator/share/isaac_ros_json_info_generator/hook/ament_prefix_path.dsv'
[0.399s] [34mcolcon.colcon_core.shell[0m [1;30mINFO[0m Creating environment hook '/home/isaacp/repos/alphaz/isaac_ros_cloud_control/install/isaac_ros_json_info_generator/share/isaac_ros_json_info_generator/hook/ament_prefix_path.sh'
[0.400s] [34mcolcon.colcon_core.shell[0m [1;30mINFO[0m Skip shell extension 'powershell' for command environment: Not usable outside of PowerShell
[0.400s] [34mcolcon.colcon_core.shell[0m [1;30mDEBUG[0m [32mSkip shell extension 'dsv' for command environment[0m
[0.401s] [34mcolcon.colcon_ros.task.ament_cmake.build[0m [1;30mINFO[0m Building ROS package in '/home/isaacp/repos/alphaz/isaac_ros_cloud_control/isaac_ros_scene_recorder_interface' with build type 'ament_cmake'
[0.402s] [34mcolcon.colcon_cmake.task.cmake.build[0m [1;30mINFO[0m Building CMake package in '/home/isaacp/repos/alphaz/isaac_ros_cloud_control/isaac_ros_scene_recorder_interface'
[0.402s] [34mcolcon.colcon_core.shell[0m [1;30mINFO[0m Skip shell extension 'powershell' for command environment: Not usable outside of PowerShell
[0.402s] [34mcolcon.colcon_core.shell[0m [1;30mDEBUG[0m [32mSkip shell extension 'dsv' for command environment[0m
[0.403s] [34mcolcon.colcon_ros.task.ament_cmake.build[0m [1;30mINFO[0m Building ROS package in '/home/isaacp/repos/alphaz/isaac_ros_cloud_control/isaac_ros_cloud_control_interface' with build type 'ament_cmake'
[0.403s] [34mcolcon.colcon_cmake.task.cmake.build[0m [1;30mINFO[0m Building CMake package in '/home/isaacp/repos/alphaz/isaac_ros_cloud_control/isaac_ros_cloud_control_interface'
[0.403s] [34mcolcon.colcon_core.shell[0m [1;30mINFO[0m Skip shell extension 'powershell' for command environment: Not usable outside of PowerShell
[0.403s] [34mcolcon.colcon_core.shell[0m [1;30mDEBUG[0m [32mSkip shell extension 'dsv' for command environment[0m
[0.405s] [34mcolcon.colcon_ros.task.ament_python.build[0m [1;30mINFO[0m Building ROS package in '/home/isaacp/repos/alphaz/isaac_ros_cloud_control/isaac_ros_mega_controller' with build type 'ament_python'
[0.405s] [34mcolcon.colcon_core.shell[0m [1;30mLevel 1[0m create_environment_hook('isaac_ros_mega_controller', 'ament_prefix_path')
[0.405s] [34mcolcon.colcon_core.shell[0m [1;30mINFO[0m Creating environment hook '/home/isaacp/repos/alphaz/isaac_ros_cloud_control/install/isaac_ros_mega_controller/share/isaac_ros_mega_controller/hook/ament_prefix_path.ps1'
[0.406s] [34mcolcon.colcon_core.shell[0m [1;30mINFO[0m Creating environment descriptor '/home/isaacp/repos/alphaz/isaac_ros_cloud_control/install/isaac_ros_mega_controller/share/isaac_ros_mega_controller/hook/ament_prefix_path.dsv'
[0.406s] [34mcolcon.colcon_core.shell[0m [1;30mINFO[0m Creating environment hook '/home/isaacp/repos/alphaz/isaac_ros_cloud_control/install/isaac_ros_mega_controller/share/isaac_ros_mega_controller/hook/ament_prefix_path.sh'
[0.406s] [34mcolcon.colcon_core.shell[0m [1;30mINFO[0m Skip shell extension 'powershell' for command environment: Not usable outside of PowerShell
[0.406s] [34mcolcon.colcon_core.shell[0m [1;30mDEBUG[0m [32mSkip shell extension 'dsv' for command environment[0m
[0.408s] [34mcolcon.colcon_ros.task.ament_python.build[0m [1;30mINFO[0m Building ROS package in '/home/isaacp/repos/alphaz/isaac_ros_cloud_control/isaac_ros_mega_node_monitor' with build type 'ament_python'
[0.408s] [34mcolcon.colcon_core.shell[0m [1;30mLevel 1[0m create_environment_hook('isaac_ros_mega_node_monitor', 'ament_prefix_path')
[0.408s] [34mcolcon.colcon_core.shell[0m [1;30mINFO[0m Creating environment hook '/home/isaacp/repos/alphaz/isaac_ros_cloud_control/install/isaac_ros_mega_node_monitor/share/isaac_ros_mega_node_monitor/hook/ament_prefix_path.ps1'
[0.408s] [34mcolcon.colcon_core.shell[0m [1;30mINFO[0m Creating environment descriptor '/home/isaacp/repos/alphaz/isaac_ros_cloud_control/install/isaac_ros_mega_node_monitor/share/isaac_ros_mega_node_monitor/hook/ament_prefix_path.dsv'
[0.408s] [34mcolcon.colcon_core.shell[0m [1;30mINFO[0m Creating environment hook '/home/isaacp/repos/alphaz/isaac_ros_cloud_control/install/isaac_ros_mega_node_monitor/share/isaac_ros_mega_node_monitor/hook/ament_prefix_path.sh'
[0.408s] [34mcolcon.colcon_core.shell[0m [1;30mINFO[0m Skip shell extension 'powershell' for command environment: Not usable outside of PowerShell
[0.408s] [34mcolcon.colcon_core.shell[0m [1;30mDEBUG[0m [32mSkip shell extension 'dsv' for command environment[0m
[0.412s] [34mcolcon.colcon_core.event_handler.log_command[0m [1;30mDEBUG[0m [32mInvoking command in '/home/isaacp/repos/alphaz/isaac_ros_cloud_control/build/vda5050_msgs': CONDA_PROMPT_MODIFIER=(ros2_jazzy_env) /home/isaacp/miniforge3/envs/ros2_jazzy_env/bin/cmake /home/isaacp/repos/alphaz/isaac_ros_cloud_control/vda5050_msgs -DCMAKE_INSTALL_PREFIX=/home/isaacp/repos/alphaz/isaac_ros_cloud_control/install/vda5050_msgs[0m
[0.488s] [34mcolcon.colcon_core.event_handler.log_command[0m [1;30mDEBUG[0m [32mInvoking command in '/home/isaacp/repos/alphaz/isaac_ros_cloud_control/build/isaac_ros_scene_recorder_interface': CONDA_PROMPT_MODIFIER=(ros2_jazzy_env) /home/isaacp/miniforge3/envs/ros2_jazzy_env/bin/cmake /home/isaacp/repos/alphaz/isaac_ros_cloud_control/isaac_ros_scene_recorder_interface -DCMAKE_INSTALL_PREFIX=/home/isaacp/repos/alphaz/isaac_ros_cloud_control/install/isaac_ros_scene_recorder_interface[0m
[0.489s] [34mcolcon.colcon_core.event_handler.log_command[0m [1;30mDEBUG[0m [32mInvoking command in '/home/isaacp/repos/alphaz/isaac_ros_cloud_control/build/isaac_ros_cloud_control_interface': CONDA_PROMPT_MODIFIER=(ros2_jazzy_env) /home/isaacp/miniforge3/envs/ros2_jazzy_env/bin/cmake /home/isaacp/repos/alphaz/isaac_ros_cloud_control/isaac_ros_cloud_control_interface -DCMAKE_INSTALL_PREFIX=/home/isaacp/repos/alphaz/isaac_ros_cloud_control/install/isaac_ros_cloud_control_interface[0m
[0.593s] [34mcolcon.colcon_core.task.python.build[0m [1;30mINFO[0m Building Python package in '/home/isaacp/repos/alphaz/isaac_ros_cloud_control/isaac_ros_mega_controller'
[0.593s] [34mcolcon.colcon_core.shell[0m [1;30mINFO[0m Skip shell extension 'powershell' for command environment: Not usable outside of PowerShell
[0.593s] [34mcolcon.colcon_core.shell[0m [1;30mDEBUG[0m [32mSkip shell extension 'dsv' for command environment[0m
[2.603s] [34mcolcon.colcon_parallel_executor.executor.parallel[0m [1;30mDEBUG[0m [32mclosing loop[0m
[2.603s] [34mcolcon.colcon_parallel_executor.executor.parallel[0m [1;30mDEBUG[0m [32mloop closed[0m
[2.603s] [34mcolcon.colcon_parallel_executor.executor.parallel[0m [1;30mDEBUG[0m [32mrun_until_complete finished with 'Command '['/home/isaacp/miniforge3/envs/ros2_jazzy_env/bin/python3.12', '-c', 'import sys;from contextlib import suppress;exec("with suppress(ImportError):    from setuptools.extern.packaging.specifiers    import SpecifierSet");exec("with suppress(ImportError):    from packaging.specifiers import SpecifierSet");from distutils.core import run_setup;dist = run_setup(    \'setup.py\', script_args=(\'--dry-run\',), stop_after=\'config\');skip_keys = (\'cmdclass\', \'distclass\', \'ext_modules\', \'metadata\');data = {    key: value for key, value in dist.__dict__.items()     if (        not key.startswith(\'_\') and         not callable(value) and         key not in skip_keys and         key not in dist.display_option_names    )};data[\'metadata\'] = {    k: v for k, v in dist.metadata.__dict__.items()     if k not in (\'license_files\', \'provides_extras\')};sys.stdout.buffer.write(repr(data).encode(\'utf-8\'))']' returned non-zero exit status 1.'[0m
[2.603s] [34mcolcon.colcon_core.event_reactor[0m [1;30mDEBUG[0m [32mjoining thread[0m
[2.604s] [34mcolcon.colcon_core.event_reactor[0m [1;30mDEBUG[0m [32mjoined thread[0m
[2.604s] [34mcolcon.colcon_core.shell[0m [1;30mINFO[0m Creating prefix script '/home/isaacp/repos/alphaz/isaac_ros_cloud_control/install/local_setup.ps1'
[2.605s] [34mcolcon.colcon_core.shell[0m [1;30mINFO[0m Creating prefix util module '/home/isaacp/repos/alphaz/isaac_ros_cloud_control/install/_local_setup_util_ps1.py'
[2.605s] [34mcolcon.colcon_core.shell[0m [1;30mINFO[0m Creating prefix chain script '/home/isaacp/repos/alphaz/isaac_ros_cloud_control/install/setup.ps1'
[2.606s] [34mcolcon.colcon_core.shell[0m [1;30mINFO[0m Creating prefix script '/home/isaacp/repos/alphaz/isaac_ros_cloud_control/install/local_setup.sh'
[2.606s] [34mcolcon.colcon_core.shell[0m [1;30mINFO[0m Creating prefix util module '/home/isaacp/repos/alphaz/isaac_ros_cloud_control/install/_local_setup_util_sh.py'
[2.606s] [34mcolcon.colcon_core.shell[0m [1;30mINFO[0m Creating prefix chain script '/home/isaacp/repos/alphaz/isaac_ros_cloud_control/install/setup.sh'
[2.607s] [34mcolcon.colcon_core.shell[0m [1;30mINFO[0m Creating prefix script '/home/isaacp/repos/alphaz/isaac_ros_cloud_control/install/local_setup.bash'
[2.607s] [34mcolcon.colcon_core.shell[0m [1;30mINFO[0m Creating prefix chain script '/home/isaacp/repos/alphaz/isaac_ros_cloud_control/install/setup.bash'
[2.608s] [34mcolcon.colcon_core.shell[0m [1;30mINFO[0m Creating prefix script '/home/isaacp/repos/alphaz/isaac_ros_cloud_control/install/local_setup.zsh'
[2.608s] [34mcolcon.colcon_core.shell[0m [1;30mINFO[0m Creating prefix chain script '/home/isaacp/repos/alphaz/isaac_ros_cloud_control/install/setup.zsh'
